2023-08-21 11:51:36 - get_zodiac('март', 28) -> None
